// Jest Snapshot v1, https://goo.gl/fbAQLP

exports[`List should display heading 1`] = `ShallowWrapper {}`;
